// Jest Snapshot v1, https://goo.gl/fbAQLP

exports[`renders without crashing 1`] = `
.c0 {
  position: relative;
  height: 100vh;
  width: 100%;
  overflow: hidden;
}

.c1 {
  height: 100%;
  width: 100%;
  object-fit: cover;
  position: absolute;
  top: 0;
}

.c2 {
  z-index: 10;
  position: relative;
  width: 100%;
  height: 100%;
  display: -webkit-box;
  display: -webkit-flex;
  display: -ms-flexbox;
  display: flex;
  -webkit-align-items: center;
  -webkit-box-align: center;
  -ms-flex-align: center;
  align-items: center;
  -webkit-flex-direction: column;
  -ms-flex-direction: column;
  flex-direction: column;
  background-color: rgba(0,0,0,0.5);
  color: white;
}

.c3 {
  font-family: 'Parisienne',cursive;
  margin-top: 80px;
  font-size: 32px;
}

<div
  className="c0"
>
  <video
    autoPlay={true}
    className="c1"
    muted={true}
    playsInline={true}
  >
    <source
      src="/proposal-mobile.mp4"
      type="video/mp4"
    />
    <img
      src="proposal.jpg"
    />
  </video>
  <div
    className="c2"
    onClick={[Function]}
  >
    <h1
      className="c3"
    >
      #BrideAndBloom
    </h1>
  </div>
</div>
`;
